Collecting altair==6.3.0 (from -r C:\Users\anike\Retail-Demand-Forcasting\.verification-runs\20261001T062700Z-2e8ba9d2\workspace\requirements.txt (line 1))
  Using cached altair-6.3.0-py3-none-any.whl.metadata (11 kB)
Collecting anyio==4.15.1 (from -r C:\Users\anike\Retail-Demand-Forcasting\.verification-runs\20261001T062700Z-2e8ba9d2\workspace\requirements.txt (line 2))
  Using cached anyio-4.15.1-py3-none-any.whl.metadata (4.7 kB)
Collecting attrs==26.1.0 (from -r C:\Users\anike\Retail-Demand-Forcasting\.verification-runs\20261001T062700Z-2e8ba9d2\workspace\requirements.txt (line 3))
  Using cached attrs-26.1.0-py3-none-any.whl.metadata (8.8 kB)
Collecting certifi==2026.7.22 (from -r C:\Users\anike\Retail-Demand-Forcasting\.verification-runs\20261001T062700Z-2e8ba9d2\workspace\requirements.txt (line 4))
  Using cached certifi-2026.7.22-py3-none-any.whl.metadata (2.5 kB)
Collecting charset-normalizer==3.5.2 (from -r C:\Users\anike\Retail-Demand-Forcasting\.verification-runs\20261001T062700Z-2e8ba9d2\workspace\requirements.txt (line 5))
  Using cached charset_normalizer-3.5.2-cp314-cp314-win_amd64.whl.metadata (47 kB)
Collecting click==8.5.0 (from -r C:\Users\anike\Retail-Demand-Forcasting\.verification-runs\20261001T062700Z-2e8ba9d2\workspace\requirements.txt (line 6))
  Using cached click-8.5.0-py3-none-any.whl.metadata (2.6 kB)
Collecting colorama==0.4.6 (from -r C:\Users\anike\Retail-Demand-Forcasting\.verification-runs\20261001T062700Z-2e8ba9d2\workspace\requirements.txt (line 7))
  Using cached colorama-0.4.6-py2.py3-none-any.whl.metadata (17 kB)
Collecting duckdb==1.5.6 (from -r C:\Users\anike\Retail-Demand-Forcasting\.verification-runs\20261001T062700Z-2e8ba9d2\workspace\requirements.txt (line 8))
  Using cached duckdb-1.5.6-cp314-cp314-win_amd64.whl.metadata (4.2 kB)
Collecting et_xmlfile==2.0.0 (from -r C:\Users\anike\Retail-Demand-Forcasting\.verification-runs\20261001T062700Z-2e8ba9d2\workspace\requirements.txt (line 9))
  Using cached et_xmlfile-2.0.0-py3-none-any.whl.metadata (2.7 kB)
Collecting formulaic==1.2.2 (from -r C:\Users\anike\Retail-Demand-Forcasting\.verification-runs\20261001T062700Z-2e8ba9d2\workspace\requirements.txt (line 10))
  Using cached formulaic-1.2.2-py3-none-any.whl.metadata (7.0 kB)
Collecting h11==0.16.0 (from -r C:\Users\anike\Retail-Demand-Forcasting\.verification-runs\20261001T062700Z-2e8ba9d2\workspace\requirements.txt (line 11))
  Using cached h11-0.16.0-py3-none-any.whl.metadata (8.3 kB)
Collecting httptools==0.8.0 (from -r C:\Users\anike\Retail-Demand-Forcasting\.verification-runs\20261001T062700Z-2e8ba9d2\workspace\requirements.txt (line 12))
  Using cached httptools-0.8.0-cp314-cp314-win_amd64.whl.metadata (3.7 kB)
Collecting idna==3.20 (from -r C:\Users\anike\Retail-Demand-Forcasting\.verification-runs\20261001T062700Z-2e8ba9d2\workspace\requirements.txt (line 13))
  Using cached idna-3.20-py3-none-any.whl.metadata (7.2 kB)
Collecting iniconfig==2.3.0 (from -r C:\Users\anike\Retail-Demand-Forcasting\.verification-runs\20261001T062700Z-2e8ba9d2\workspace\requirements.txt (line 14))
  Using cached iniconfig-2.3.0-py3-none-any.whl.metadata (2.5 kB)
Collecting interface_meta==2.0.1 (from -r C:\Users\anike\Retail-Demand-Forcasting\.verification-runs\20261001T062700Z-2e8ba9d2\workspace\requirements.txt (line 15))
  Using cached interface_meta-2.0.1-py3-none-any.whl.metadata (6.4 kB)
Collecting itsdangerous==2.2.0 (from -r C:\Users\anike\Retail-Demand-Forcasting\.verification-runs\20261001T062700Z-2e8ba9d2\workspace\requirements.txt (line 16))
  Using cached itsdangerous-2.2.0-py3-none-any.whl.metadata (1.9 kB)
Collecting Jinja2==3.1.6 (from -r C:\Users\anike\Retail-Demand-Forcasting\.verification-runs\20261001T062700Z-2e8ba9d2\workspace\requirements.txt (line 17))
  Using cached jinja2-3.1.6-py3-none-any.whl.metadata (2.9 kB)
Collecting jsonschema==4.26.0 (from -r C:\Users\anike\Retail-Demand-Forcasting\.verification-runs\20261001T062700Z-2e8ba9d2\workspace\requirements.txt (line 18))
  Using cached jsonschema-4.26.0-py3-none-any.whl.metadata (7.6 kB)
Collecting jsonschema-specifications==2025.9.1 (from -r C:\Users\anike\Retail-Demand-Forcasting\.verification-runs\20261001T062700Z-2e8ba9d2\workspace\requirements.txt (line 19))
  Using cached jsonschema_specifications-2025.9.1-py3-none-any.whl.metadata (2.9 kB)
Collecting MarkupSafe==3.0.3 (from -r C:\Users\anike\Retail-Demand-Forcasting\.verification-runs\20261001T062700Z-2e8ba9d2\workspace\requirements.txt (line 20))
  Using cached markupsafe-3.0.3-cp314-cp314-win_amd64.whl.metadata (2.8 kB)
Collecting narwhals==2.26.0 (from -r C:\Users\anike\Retail-Demand-Forcasting\.verification-runs\20261001T062700Z-2e8ba9d2\workspace\requirements.txt (line 21))
  Using cached narwhals-2.26.0-py3-none-any.whl.metadata (15 kB)
Collecting numpy==2.5.3 (from -r C:\Users\anike\Retail-Demand-Forcasting\.verification-runs\20261001T062700Z-2e8ba9d2\workspace\requirements.txt (line 22))
  Using cached numpy-2.5.3-cp314-cp314-win_amd64.whl.metadata (6.6 kB)
Collecting openpyxl==3.1.5 (from -r C:\Users\anike\Retail-Demand-Forcasting\.verification-runs\20261001T062700Z-2e8ba9d2\workspace\requirements.txt (line 23))
  Using cached openpyxl-3.1.5-py2.py3-none-any.whl.metadata (2.5 kB)
Collecting packaging==26.3 (from -r C:\Users\anike\Retail-Demand-Forcasting\.verification-runs\20261001T062700Z-2e8ba9d2\workspace\requirements.txt (line 24))
  Using cached packaging-26.3-py3-none-any.whl.metadata (3.5 kB)
Collecting pandas==3.0.6 (from -r C:\Users\anike\Retail-Demand-Forcasting\.verification-runs\20261001T062700Z-2e8ba9d2\workspace\requirements.txt (line 25))
  Using cached pandas-3.0.6-cp314-cp314-win_amd64.whl.metadata (19 kB)
Collecting patsy==1.0.3 (from -r C:\Users\anike\Retail-Demand-Forcasting\.verification-runs\20261001T062700Z-2e8ba9d2\workspace\requirements.txt (line 26))
  Using cached patsy-1.0.3-py2.py3-none-any.whl.metadata (3.7 kB)
Collecting pillow==12.3.0 (from -r C:\Users\anike\Retail-Demand-Forcasting\.verification-runs\20261001T062700Z-2e8ba9d2\workspace\requirements.txt (line 27))
  Using cached pillow-12.3.0-cp314-cp314-win_amd64.whl.metadata (9.3 kB)
Collecting plotly==7.1.0 (from -r C:\Users\anike\Retail-Demand-Forcasting\.verification-runs\20261001T062700Z-2e8ba9d2\workspace\requirements.txt (line 28))
  Using cached plotly-7.1.0-py3-none-any.whl.metadata (8.8 kB)
Collecting pluggy==1.6.0 (from -r C:\Users\anike\Retail-Demand-Forcasting\.verification-runs\20261001T062700Z-2e8ba9d2\workspace\requirements.txt (line 29))
  Using cached pluggy-1.6.0-py3-none-any.whl.metadata (4.8 kB)
Collecting protobuf==7.36.2 (from -r C:\Users\anike\Retail-Demand-Forcasting\.verification-runs\20261001T062700Z-2e8ba9d2\workspace\requirements.txt (line 30))
  Using cached protobuf-7.36.2-cp310-abi3-win_amd64.whl.metadata (595 bytes)
Collecting pyarrow==25.0.1 (from -r C:\Users\anike\Retail-Demand-Forcasting\.verification-runs\20261001T062700Z-2e8ba9d2\workspace\requirements.txt (line 31))
  Using cached pyarrow-25.0.1-cp314-cp314-win_amd64.whl.metadata (3.0 kB)
Collecting pydeck==0.9.3 (from -r C:\Users\anike\Retail-Demand-Forcasting\.verification-runs\20261001T062700Z-2e8ba9d2\workspace\requirements.txt (line 32))
  Using cached pydeck-0.9.3-py2.py3-none-any.whl.metadata (4.2 kB)
Collecting Pygments==2.21.0 (from -r C:\Users\anike\Retail-Demand-Forcasting\.verification-runs\20261001T062700Z-2e8ba9d2\workspace\requirements.txt (line 33))
  Using cached pygments-2.21.0-py3-none-any.whl.metadata (2.5 kB)
Collecting pytest==9.1.1 (from -r C:\Users\anike\Retail-Demand-Forcasting\.verification-runs\20261001T062700Z-2e8ba9d2\workspace\requirements.txt (line 34))
  Using cached pytest-9.1.1-py3-none-any.whl.metadata (7.6 kB)
Collecting python-dateutil==2.9.0.post0 (from -r C:\Users\anike\Retail-Demand-Forcasting\.verification-runs\20261001T062700Z-2e8ba9d2\workspace\requirements.txt (line 35))
  Using cached python_dateutil-2.9.0.post0-py2.py3-none-any.whl.metadata (8.4 kB)
Collecting python-multipart==0.0.32 (from -r C:\Users\anike\Retail-Demand-Forcasting\.verification-runs\20261001T062700Z-2e8ba9d2\workspace\requirements.txt (line 36))
  Using cached python_multipart-0.0.32-py3-none-any.whl.metadata (2.1 kB)
Collecting referencing==0.37.0 (from -r C:\Users\anike\Retail-Demand-Forcasting\.verification-runs\20261001T062700Z-2e8ba9d2\workspace\requirements.txt (line 37))
  Using cached referencing-0.37.0-py3-none-any.whl.metadata (2.8 kB)
Collecting requests==2.34.2 (from -r C:\Users\anike\Retail-Demand-Forcasting\.verification-runs\20261001T062700Z-2e8ba9d2\workspace\requirements.txt (line 38))
  Using cached requests-2.34.2-py3-none-any.whl.metadata (4.8 kB)
Collecting rpds-py==2026.6.3 (from -r C:\Users\anike\Retail-Demand-Forcasting\.verification-runs\20261001T062700Z-2e8ba9d2\workspace\requirements.txt (line 39))
  Using cached rpds_py-2026.6.3-cp314-cp314-win_amd64.whl.metadata (4.2 kB)
Collecting scipy==1.18.1 (from -r C:\Users\anike\Retail-Demand-Forcasting\.verification-runs\20261001T062700Z-2e8ba9d2\workspace\requirements.txt (line 40))
  Using cached scipy-1.18.1-cp314-cp314-win_amd64.whl.metadata (61 kB)
Collecting six==1.17.0 (from -r C:\Users\anike\Retail-Demand-Forcasting\.verification-runs\20261001T062700Z-2e8ba9d2\workspace\requirements.txt (line 41))
  Using cached six-1.17.0-py2.py3-none-any.whl.metadata (1.7 kB)
Collecting starlette==1.7.0 (from -r C:\Users\anike\Retail-Demand-Forcasting\.verification-runs\20261001T062700Z-2e8ba9d2\workspace\requirements.txt (line 42))
  Using cached starlette-1.7.0-py3-none-any.whl.metadata (6.6 kB)
Collecting statsmodels==0.15.0 (from -r C:\Users\anike\Retail-Demand-Forcasting\.verification-runs\20261001T062700Z-2e8ba9d2\workspace\requirements.txt (line 43))
  Using cached statsmodels-0.15.0-cp314-cp314-win_amd64.whl.metadata (9.6 kB)
Collecting streamlit==1.64.0 (from -r C:\Users\anike\Retail-Demand-Forcasting\.verification-runs\20261001T062700Z-2e8ba9d2\workspace\requirements.txt (line 44))
  Using cached streamlit-1.64.0-py3-none-any.whl.metadata (10 kB)
Collecting toml==0.10.2 (from -r C:\Users\anike\Retail-Demand-Forcasting\.verification-runs\20261001T062700Z-2e8ba9d2\workspace\requirements.txt (line 45))
  Using cached toml-0.10.2-py2.py3-none-any.whl.metadata (7.1 kB)
Collecting typing_extensions==4.16.0 (from -r C:\Users\anike\Retail-Demand-Forcasting\.verification-runs\20261001T062700Z-2e8ba9d2\workspace\requirements.txt (line 46))
  Using cached typing_extensions-4.16.0-py3-none-any.whl.metadata (3.3 kB)
Collecting tzdata==2026.4 (from -r C:\Users\anike\Retail-Demand-Forcasting\.verification-runs\20261001T062700Z-2e8ba9d2\workspace\requirements.txt (line 47))
  Using cached tzdata-2026.4-py2.py3-none-any.whl.metadata (1.4 kB)
Collecting urllib3==2.8.0 (from -r C:\Users\anike\Retail-Demand-Forcasting\.verification-runs\20261001T062700Z-2e8ba9d2\workspace\requirements.txt (line 48))
  Using cached urllib3-2.8.0-py3-none-any.whl.metadata (7.4 kB)
Collecting uvicorn==0.54.0 (from -r C:\Users\anike\Retail-Demand-Forcasting\.verification-runs\20261001T062700Z-2e8ba9d2\workspace\requirements.txt (line 49))
  Using cached uvicorn-0.54.0-py3-none-any.whl.metadata (6.6 kB)
Collecting watchdog==6.0.0 (from -r C:\Users\anike\Retail-Demand-Forcasting\.verification-runs\20261001T062700Z-2e8ba9d2\workspace\requirements.txt (line 50))
  Using cached watchdog-6.0.0-py3-none-win_amd64.whl.metadata (44 kB)
Collecting websockets==16.1.1 (from -r C:\Users\anike\Retail-Demand-Forcasting\.verification-runs\20261001T062700Z-2e8ba9d2\workspace\requirements.txt (line 51))
  Using cached websockets-16.1.1-cp314-cp314-win_amd64.whl.metadata (7.0 kB)
Collecting wrapt==2.5.0 (from -r C:\Users\anike\Retail-Demand-Forcasting\.verification-runs\20261001T062700Z-2e8ba9d2\workspace\requirements.txt (line 52))
  Using cached wrapt-2.5.0-cp314-cp314-win_amd64.whl.metadata (7.7 kB)
Using cached altair-6.3.0-py3-none-any.whl (797 kB)
Using cached anyio-4.15.1-py3-none-any.whl (132 kB)
Using cached attrs-26.1.0-py3-none-any.whl (67 kB)
Using cached certifi-2026.7.22-py3-none-any.whl (136 kB)
Using cached charset_normalizer-3.5.2-cp314-cp314-win_amd64.whl (210 kB)
Using cached click-8.5.0-py3-none-any.whl (125 kB)
Using cached colorama-0.4.6-py2.py3-none-any.whl (25 kB)
Using cached duckdb-1.5.6-cp314-cp314-win_amd64.whl (13.7 MB)
Using cached et_xmlfile-2.0.0-py3-none-any.whl (18 kB)
Using cached formulaic-1.2.2-py3-none-any.whl (118 kB)
Using cached h11-0.16.0-py3-none-any.whl (37 kB)
Using cached httptools-0.8.0-cp314-cp314-win_amd64.whl (92 kB)
Using cached idna-3.20-py3-none-any.whl (69 kB)
Using cached iniconfig-2.3.0-py3-none-any.whl (7.5 kB)
Using cached interface_meta-2.0.1-py3-none-any.whl (15 kB)
Using cached itsdangerous-2.2.0-py3-none-any.whl (16 kB)
Using cached jinja2-3.1.6-py3-none-any.whl (134 kB)
Using cached jsonschema-4.26.0-py3-none-any.whl (90 kB)
Using cached jsonschema_specifications-2025.9.1-py3-none-any.whl (18 kB)
Using cached markupsafe-3.0.3-cp314-cp314-win_amd64.whl (15 kB)
Using cached narwhals-2.26.0-py3-none-any.whl (474 kB)
Using cached numpy-2.5.3-cp314-cp314-win_amd64.whl (12.7 MB)
Using cached openpyxl-3.1.5-py2.py3-none-any.whl (250 kB)
Using cached packaging-26.3-py3-none-any.whl (129 kB)
Using cached pandas-3.0.6-cp314-cp314-win_amd64.whl (9.8 MB)
Using cached patsy-1.0.3-py2.py3-none-any.whl (233 kB)
Using cached pillow-12.3.0-cp314-cp314-win_amd64.whl (7.2 MB)
Using cached plotly-7.1.0-py3-none-any.whl (9.7 MB)
Using cached pluggy-1.6.0-py3-none-any.whl (20 kB)
Using cached protobuf-7.36.2-cp310-abi3-win_amd64.whl (456 kB)
Using cached pyarrow-25.0.1-cp314-cp314-win_amd64.whl (28.6 MB)
Using cached pydeck-0.9.3-py2.py3-none-any.whl (11.4 MB)
Using cached pygments-2.21.0-py3-none-any.whl (1.3 MB)
Using cached pytest-9.1.1-py3-none-any.whl (386 kB)
Using cached python_dateutil-2.9.0.post0-py2.py3-none-any.whl (229 kB)
Using cached python_multipart-0.0.32-py3-none-any.whl (30 kB)
Using cached referencing-0.37.0-py3-none-any.whl (26 kB)
Using cached requests-2.34.2-py3-none-any.whl (73 kB)
Using cached urllib3-2.8.0-py3-none-any.whl (135 kB)
Using cached rpds_py-2026.6.3-cp314-cp314-win_amd64.whl (220 kB)
Using cached scipy-1.18.1-cp314-cp314-win_amd64.whl (37.4 MB)
Using cached six-1.17.0-py2.py3-none-any.whl (11 kB)
Using cached starlette-1.7.0-py3-none-any.whl (78 kB)
Using cached statsmodels-0.15.0-cp314-cp314-win_amd64.whl (11.3 MB)
Using cached streamlit-1.64.0-py3-none-any.whl (10.1 MB)
Using cached toml-0.10.2-py2.py3-none-any.whl (16 kB)
Using cached typing_extensions-4.16.0-py3-none-any.whl (45 kB)
Using cached uvicorn-0.54.0-py3-none-any.whl (87 kB)
Using cached watchdog-6.0.0-py3-none-win_amd64.whl (79 kB)
Using cached websockets-16.1.1-cp314-cp314-win_amd64.whl (179 kB)
Using cached tzdata-2026.4-py2.py3-none-any.whl (347 kB)
Using cached wrapt-2.5.0-cp314-cp314-win_amd64.whl (105 kB)
Installing collected packages: wrapt, websockets, watchdog, urllib3, tzdata, typing_extensions, toml, six, rpds-py, python-multipart, Pygments, pyarrow, protobuf, pluggy, pillow, packaging, numpy, narwhals, MarkupSafe, itsdangerous, interface_meta, iniconfig, idna, httptools, h11, et_xmlfile, duckdb, colorama, click, charset-normalizer, certifi, attrs, uvicorn, scipy, requests, referencing, python-dateutil, pytest, plotly, patsy, openpyxl, Jinja2, anyio, starlette, pydeck, pandas, jsonschema-specifications, jsonschema, formulaic, statsmodels, altair, streamlit

Successfully installed Jinja2-3.1.6 MarkupSafe-3.0.3 Pygments-2.21.0 altair-6.3.0 anyio-4.15.1 attrs-26.1.0 certifi-2026.7.22 charset-normalizer-3.5.2 click-8.5.0 colorama-0.4.6 duckdb-1.5.6 et_xmlfile-2.0.0 formulaic-1.2.2 h11-0.16.0 httptools-0.8.0 idna-3.20 iniconfig-2.3.0 interface_meta-2.0.1 itsdangerous-2.2.0 jsonschema-4.26.0 jsonschema-specifications-2025.9.1 narwhals-2.26.0 numpy-2.5.3 openpyxl-3.1.5 packaging-26.3 pandas-3.0.6 patsy-1.0.3 pillow-12.3.0 plotly-7.1.0 pluggy-1.6.0 protobuf-7.36.2 pyarrow-25.0.1 pydeck-0.9.3 pytest-9.1.1 python-dateutil-2.9.0.post0 python-multipart-0.0.32 referencing-0.37.0 requests-2.34.2 rpds-py-2026.6.3 scipy-1.18.1 six-1.17.0 starlette-1.7.0 statsmodels-0.15.0 streamlit-1.64.0 toml-0.10.2 typing_extensions-4.16.0 tzdata-2026.4 urllib3-2.8.0 uvicorn-0.54.0 watchdog-6.0.0 websockets-16.1.1 wrapt-2.5.0
