2026-10-01 09:53:25.777 WARNING streamlit.runtime.scriptrunner_utils.script_run_context: Thread 'MainThread': missing ScriptRunContext! This warning can be ignored when running in bare mode.
2026-10-01 09:53:37.935 The widget with key "window_methods" was created with a default value but also had its value set via the Session State API.
Stack (most recent call last):
  File "C:\Python314\Lib\threading.py", line 1044, in _bootstrap
    self._bootstrap_inner()
  File "C:\Python314\Lib\threading.py", line 1082, in _bootstrap_inner
    self._context.run(self.run)
  File "C:\Python314\Lib\threading.py", line 1024, in run
    self._target(*self._args, **self._kwargs)
  File "C:\Users\anike\Retail-Demand-Forcasting\.verification-runs\20261001T062700Z-2e8ba9d2\environment\Lib\site-packages\streamlit\testing\v1\local_script_runner.py", line 144, in _run_script_thread
    super()._run_script_thread()
  File "C:\Users\anike\Retail-Demand-Forcasting\.verification-runs\20261001T062700Z-2e8ba9d2\environment\Lib\site-packages\streamlit\runtime\scriptrunner\script_runner.py", line 423, in _run_script_thread
    self._run_script(request.rerun_data)
  File "C:\Users\anike\Retail-Demand-Forcasting\.verification-runs\20261001T062700Z-2e8ba9d2\environment\Lib\site-packages\streamlit\runtime\scriptrunner\script_runner.py", line 934, in _run_script
    ) = exec_func_with_error_handling(code_to_exec, ctx)
  File "C:\Users\anike\Retail-Demand-Forcasting\.verification-runs\20261001T062700Z-2e8ba9d2\environment\Lib\site-packages\streamlit\runtime\scriptrunner\exec_code.py", line 136, in exec_func_with_error_handling
    result = func()
  File "C:\Users\anike\Retail-Demand-Forcasting\.verification-runs\20261001T062700Z-2e8ba9d2\environment\Lib\site-packages\streamlit\runtime\scriptrunner\script_runner.py", line 909, in code_to_exec
    exec(code, module.__dict__)  # noqa: S102
  File "C:\Users\anike\Retail-Demand-Forcasting\.verification-runs\20261001T062700Z-2e8ba9d2\workspace\app.py", line 153, in <module>
    smoothing = st.multiselect("Smoothing histories", ["hw_expanding","hw_182d","hw_365d"], default=["hw_expanding"], format_func=lambda m: LABELS[m], key="window_methods")
  File "C:\Users\anike\Retail-Demand-Forcasting\.verification-runs\20261001T062700Z-2e8ba9d2\environment\Lib\site-packages\streamlit\runtime\metrics_util.py", line 725, in wrapped_func
    result = non_optional_func(*args, **kwargs)
  File "C:\Users\anike\Retail-Demand-Forcasting\.verification-runs\20261001T062700Z-2e8ba9d2\environment\Lib\site-packages\streamlit\elements\widgets\multiselect.py", line 646, in multiselect
    return self._multiselect(
  File "C:\Users\anike\Retail-Demand-Forcasting\.verification-runs\20261001T062700Z-2e8ba9d2\environment\Lib\site-packages\streamlit\elements\widgets\multiselect.py", line 702, in _multiselect
    check_widget_policies(
  File "C:\Users\anike\Retail-Demand-Forcasting\.verification-runs\20261001T062700Z-2e8ba9d2\environment\Lib\site-packages\streamlit\elements\lib\policies.py", line 146, in check_widget_policies
    check_session_state_rules(
  File "C:\Users\anike\Retail-Demand-Forcasting\.verification-runs\20261001T062700Z-2e8ba9d2\environment\Lib\site-packages\streamlit\elements\lib\policies.py", line 90, in check_session_state_rules
    _LOGGER.warning(
