Collecting altair==6.3.0 (from -r C:\Users\anike\Retail-Demand-Forcasting\.verification-runs\20261001T013753Z-96cc59ac\workspace\requirements.txt (line 1))
  Downloading altair-6.3.0-py3-none-any.whl.metadata (11 kB)
Collecting anyio==4.15.1 (from -r C:\Users\anike\Retail-Demand-Forcasting\.verification-runs\20261001T013753Z-96cc59ac\workspace\requirements.txt (line 2))
  Downloading anyio-4.15.1-py3-none-any.whl.metadata (4.7 kB)
Collecting attrs==26.1.0 (from -r C:\Users\anike\Retail-Demand-Forcasting\.verification-runs\20261001T013753Z-96cc59ac\workspace\requirements.txt (line 3))
  Downloading attrs-26.1.0-py3-none-any.whl.metadata (8.8 kB)
Collecting certifi==2026.7.22 (from -r C:\Users\anike\Retail-Demand-Forcasting\.verification-runs\20261001T013753Z-96cc59ac\workspace\requirements.txt (line 4))
  Downloading certifi-2026.7.22-py3-none-any.whl.metadata (2.5 kB)
Collecting charset-normalizer==3.5.2 (from -r C:\Users\anike\Retail-Demand-Forcasting\.verification-runs\20261001T013753Z-96cc59ac\workspace\requirements.txt (line 5))
  Downloading charset_normalizer-3.5.2-cp314-cp314-win_amd64.whl.metadata (47 kB)
Collecting click==8.5.0 (from -r C:\Users\anike\Retail-Demand-Forcasting\.verification-runs\20261001T013753Z-96cc59ac\workspace\requirements.txt (line 6))
  Downloading click-8.5.0-py3-none-any.whl.metadata (2.6 kB)
Collecting colorama==0.4.6 (from -r C:\Users\anike\Retail-Demand-Forcasting\.verification-runs\20261001T013753Z-96cc59ac\workspace\requirements.txt (line 7))
  Downloading colorama-0.4.6-py2.py3-none-any.whl.metadata (17 kB)
Collecting duckdb==1.5.6 (from -r C:\Users\anike\Retail-Demand-Forcasting\.verification-runs\20261001T013753Z-96cc59ac\workspace\requirements.txt (line 8))
  Downloading duckdb-1.5.6-cp314-cp314-win_amd64.whl.metadata (4.2 kB)
Collecting et_xmlfile==2.0.0 (from -r C:\Users\anike\Retail-Demand-Forcasting\.verification-runs\20261001T013753Z-96cc59ac\workspace\requirements.txt (line 9))
  Downloading et_xmlfile-2.0.0-py3-none-any.whl.metadata (2.7 kB)
Collecting formulaic==1.2.2 (from -r C:\Users\anike\Retail-Demand-Forcasting\.verification-runs\20261001T013753Z-96cc59ac\workspace\requirements.txt (line 10))
  Downloading formulaic-1.2.2-py3-none-any.whl.metadata (7.0 kB)
Collecting h11==0.16.0 (from -r C:\Users\anike\Retail-Demand-Forcasting\.verification-runs\20261001T013753Z-96cc59ac\workspace\requirements.txt (line 11))
  Downloading h11-0.16.0-py3-none-any.whl.metadata (8.3 kB)
Collecting httptools==0.8.0 (from -r C:\Users\anike\Retail-Demand-Forcasting\.verification-runs\20261001T013753Z-96cc59ac\workspace\requirements.txt (line 12))
  Downloading httptools-0.8.0-cp314-cp314-win_amd64.whl.metadata (3.7 kB)
Collecting idna==3.20 (from -r C:\Users\anike\Retail-Demand-Forcasting\.verification-runs\20261001T013753Z-96cc59ac\workspace\requirements.txt (line 13))
  Downloading idna-3.20-py3-none-any.whl.metadata (7.2 kB)
Collecting iniconfig==2.3.0 (from -r C:\Users\anike\Retail-Demand-Forcasting\.verification-runs\20261001T013753Z-96cc59ac\workspace\requirements.txt (line 14))
  Downloading iniconfig-2.3.0-py3-none-any.whl.metadata (2.5 kB)
Collecting interface_meta==2.0.1 (from -r C:\Users\anike\Retail-Demand-Forcasting\.verification-runs\20261001T013753Z-96cc59ac\workspace\requirements.txt (line 15))
  Downloading interface_meta-2.0.1-py3-none-any.whl.metadata (6.4 kB)
Collecting itsdangerous==2.2.0 (from -r C:\Users\anike\Retail-Demand-Forcasting\.verification-runs\20261001T013753Z-96cc59ac\workspace\requirements.txt (line 16))
  Downloading itsdangerous-2.2.0-py3-none-any.whl.metadata (1.9 kB)
Collecting Jinja2==3.1.6 (from -r C:\Users\anike\Retail-Demand-Forcasting\.verification-runs\20261001T013753Z-96cc59ac\workspace\requirements.txt (line 17))
  Downloading jinja2-3.1.6-py3-none-any.whl.metadata (2.9 kB)
Collecting jsonschema==4.26.0 (from -r C:\Users\anike\Retail-Demand-Forcasting\.verification-runs\20261001T013753Z-96cc59ac\workspace\requirements.txt (line 18))
  Downloading jsonschema-4.26.0-py3-none-any.whl.metadata (7.6 kB)
Collecting jsonschema-specifications==2025.9.1 (from -r C:\Users\anike\Retail-Demand-Forcasting\.verification-runs\20261001T013753Z-96cc59ac\workspace\requirements.txt (line 19))
  Downloading jsonschema_specifications-2025.9.1-py3-none-any.whl.metadata (2.9 kB)
Collecting MarkupSafe==3.0.3 (from -r C:\Users\anike\Retail-Demand-Forcasting\.verification-runs\20261001T013753Z-96cc59ac\workspace\requirements.txt (line 20))
  Downloading markupsafe-3.0.3-cp314-cp314-win_amd64.whl.metadata (2.8 kB)
Collecting narwhals==2.26.0 (from -r C:\Users\anike\Retail-Demand-Forcasting\.verification-runs\20261001T013753Z-96cc59ac\workspace\requirements.txt (line 21))
  Downloading narwhals-2.26.0-py3-none-any.whl.metadata (15 kB)
Collecting numpy==2.5.3 (from -r C:\Users\anike\Retail-Demand-Forcasting\.verification-runs\20261001T013753Z-96cc59ac\workspace\requirements.txt (line 22))
  Downloading numpy-2.5.3-cp314-cp314-win_amd64.whl.metadata (6.6 kB)
Collecting openpyxl==3.1.5 (from -r C:\Users\anike\Retail-Demand-Forcasting\.verification-runs\20261001T013753Z-96cc59ac\workspace\requirements.txt (line 23))
  Downloading openpyxl-3.1.5-py2.py3-none-any.whl.metadata (2.5 kB)
Collecting packaging==26.3 (from -r C:\Users\anike\Retail-Demand-Forcasting\.verification-runs\20261001T013753Z-96cc59ac\workspace\requirements.txt (line 24))
  Downloading packaging-26.3-py3-none-any.whl.metadata (3.5 kB)
Collecting pandas==3.0.6 (from -r C:\Users\anike\Retail-Demand-Forcasting\.verification-runs\20261001T013753Z-96cc59ac\workspace\requirements.txt (line 25))
  Downloading pandas-3.0.6-cp314-cp314-win_amd64.whl.metadata (19 kB)
Collecting patsy==1.0.3 (from -r C:\Users\anike\Retail-Demand-Forcasting\.verification-runs\20261001T013753Z-96cc59ac\workspace\requirements.txt (line 26))
  Downloading patsy-1.0.3-py2.py3-none-any.whl.metadata (3.7 kB)
Collecting pillow==12.3.0 (from -r C:\Users\anike\Retail-Demand-Forcasting\.verification-runs\20261001T013753Z-96cc59ac\workspace\requirements.txt (line 27))
  Downloading pillow-12.3.0-cp314-cp314-win_amd64.whl.metadata (9.3 kB)
Collecting plotly==7.1.0 (from -r C:\Users\anike\Retail-Demand-Forcasting\.verification-runs\20261001T013753Z-96cc59ac\workspace\requirements.txt (line 28))
  Downloading plotly-7.1.0-py3-none-any.whl.metadata (8.8 kB)
Collecting pluggy==1.6.0 (from -r C:\Users\anike\Retail-Demand-Forcasting\.verification-runs\20261001T013753Z-96cc59ac\workspace\requirements.txt (line 29))
  Downloading pluggy-1.6.0-py3-none-any.whl.metadata (4.8 kB)
Collecting protobuf==7.36.2 (from -r C:\Users\anike\Retail-Demand-Forcasting\.verification-runs\20261001T013753Z-96cc59ac\workspace\requirements.txt (line 30))
  Downloading protobuf-7.36.2-cp310-abi3-win_amd64.whl.metadata (595 bytes)
Collecting pyarrow==25.0.1 (from -r C:\Users\anike\Retail-Demand-Forcasting\.verification-runs\20261001T013753Z-96cc59ac\workspace\requirements.txt (line 31))
  Downloading pyarrow-25.0.1-cp314-cp314-win_amd64.whl.metadata (3.0 kB)
Collecting pydeck==0.9.3 (from -r C:\Users\anike\Retail-Demand-Forcasting\.verification-runs\20261001T013753Z-96cc59ac\workspace\requirements.txt (line 32))
  Downloading pydeck-0.9.3-py2.py3-none-any.whl.metadata (4.2 kB)
Collecting Pygments==2.21.0 (from -r C:\Users\anike\Retail-Demand-Forcasting\.verification-runs\20261001T013753Z-96cc59ac\workspace\requirements.txt (line 33))
  Downloading pygments-2.21.0-py3-none-any.whl.metadata (2.5 kB)
Collecting pytest==9.1.1 (from -r C:\Users\anike\Retail-Demand-Forcasting\.verification-runs\20261001T013753Z-96cc59ac\workspace\requirements.txt (line 34))
  Downloading pytest-9.1.1-py3-none-any.whl.metadata (7.6 kB)
Collecting python-dateutil==2.9.0.post0 (from -r C:\Users\anike\Retail-Demand-Forcasting\.verification-runs\20261001T013753Z-96cc59ac\workspace\requirements.txt (line 35))
  Downloading python_dateutil-2.9.0.post0-py2.py3-none-any.whl.metadata (8.4 kB)
Collecting python-multipart==0.0.32 (from -r C:\Users\anike\Retail-Demand-Forcasting\.verification-runs\20261001T013753Z-96cc59ac\workspace\requirements.txt (line 36))
  Downloading python_multipart-0.0.32-py3-none-any.whl.metadata (2.1 kB)
Collecting referencing==0.37.0 (from -r C:\Users\anike\Retail-Demand-Forcasting\.verification-runs\20261001T013753Z-96cc59ac\workspace\requirements.txt (line 37))
  Downloading referencing-0.37.0-py3-none-any.whl.metadata (2.8 kB)
Collecting requests==2.34.2 (from -r C:\Users\anike\Retail-Demand-Forcasting\.verification-runs\20261001T013753Z-96cc59ac\workspace\requirements.txt (line 38))
  Downloading requests-2.34.2-py3-none-any.whl.metadata (4.8 kB)
Collecting rpds-py==2026.6.3 (from -r C:\Users\anike\Retail-Demand-Forcasting\.verification-runs\20261001T013753Z-96cc59ac\workspace\requirements.txt (line 39))
  Downloading rpds_py-2026.6.3-cp314-cp314-win_amd64.whl.metadata (4.2 kB)
Collecting scipy==1.18.1 (from -r C:\Users\anike\Retail-Demand-Forcasting\.verification-runs\20261001T013753Z-96cc59ac\workspace\requirements.txt (line 40))
  Downloading scipy-1.18.1-cp314-cp314-win_amd64.whl.metadata (61 kB)
Collecting six==1.17.0 (from -r C:\Users\anike\Retail-Demand-Forcasting\.verification-runs\20261001T013753Z-96cc59ac\workspace\requirements.txt (line 41))
  Downloading six-1.17.0-py2.py3-none-any.whl.metadata (1.7 kB)
Collecting starlette==1.7.0 (from -r C:\Users\anike\Retail-Demand-Forcasting\.verification-runs\20261001T013753Z-96cc59ac\workspace\requirements.txt (line 42))
  Downloading starlette-1.7.0-py3-none-any.whl.metadata (6.6 kB)
Collecting statsmodels==0.15.0 (from -r C:\Users\anike\Retail-Demand-Forcasting\.verification-runs\20261001T013753Z-96cc59ac\workspace\requirements.txt (line 43))
  Downloading statsmodels-0.15.0-cp314-cp314-win_amd64.whl.metadata (9.6 kB)
Collecting streamlit==1.64.0 (from -r C:\Users\anike\Retail-Demand-Forcasting\.verification-runs\20261001T013753Z-96cc59ac\workspace\requirements.txt (line 44))
  Downloading streamlit-1.64.0-py3-none-any.whl.metadata (10 kB)
Collecting toml==0.10.2 (from -r C:\Users\anike\Retail-Demand-Forcasting\.verification-runs\20261001T013753Z-96cc59ac\workspace\requirements.txt (line 45))
  Downloading toml-0.10.2-py2.py3-none-any.whl.metadata (7.1 kB)
Collecting typing_extensions==4.16.0 (from -r C:\Users\anike\Retail-Demand-Forcasting\.verification-runs\20261001T013753Z-96cc59ac\workspace\requirements.txt (line 46))
  Downloading typing_extensions-4.16.0-py3-none-any.whl.metadata (3.3 kB)
Collecting tzdata==2026.4 (from -r C:\Users\anike\Retail-Demand-Forcasting\.verification-runs\20261001T013753Z-96cc59ac\workspace\requirements.txt (line 47))
  Downloading tzdata-2026.4-py2.py3-none-any.whl.metadata (1.4 kB)
Collecting urllib3==2.8.0 (from -r C:\Users\anike\Retail-Demand-Forcasting\.verification-runs\20261001T013753Z-96cc59ac\workspace\requirements.txt (line 48))
  Downloading urllib3-2.8.0-py3-none-any.whl.metadata (7.4 kB)
Collecting uvicorn==0.54.0 (from -r C:\Users\anike\Retail-Demand-Forcasting\.verification-runs\20261001T013753Z-96cc59ac\workspace\requirements.txt (line 49))
  Downloading uvicorn-0.54.0-py3-none-any.whl.metadata (6.6 kB)
Collecting watchdog==6.0.0 (from -r C:\Users\anike\Retail-Demand-Forcasting\.verification-runs\20261001T013753Z-96cc59ac\workspace\requirements.txt (line 50))
  Downloading watchdog-6.0.0-py3-none-win_amd64.whl.metadata (44 kB)
Collecting websockets==16.1.1 (from -r C:\Users\anike\Retail-Demand-Forcasting\.verification-runs\20261001T013753Z-96cc59ac\workspace\requirements.txt (line 51))
  Downloading websockets-16.1.1-cp314-cp314-win_amd64.whl.metadata (7.0 kB)
Collecting wrapt==2.5.0 (from -r C:\Users\anike\Retail-Demand-Forcasting\.verification-runs\20261001T013753Z-96cc59ac\workspace\requirements.txt (line 52))
  Downloading wrapt-2.5.0-cp314-cp314-win_amd64.whl.metadata (7.7 kB)
Downloading altair-6.3.0-py3-none-any.whl (797 kB)
   ---------------------------------------- 797.2/797.2 kB 1.8 MB/s  0:00:00
Downloading anyio-4.15.1-py3-none-any.whl (132 kB)
Downloading attrs-26.1.0-py3-none-any.whl (67 kB)
Downloading certifi-2026.7.22-py3-none-any.whl (136 kB)
Downloading charset_normalizer-3.5.2-cp314-cp314-win_amd64.whl (210 kB)
Downloading click-8.5.0-py3-none-any.whl (125 kB)
Downloading colorama-0.4.6-py2.py3-none-any.whl (25 kB)
Downloading duckdb-1.5.6-cp314-cp314-win_amd64.whl (13.7 MB)
   ---------------------------------------- 13.7/13.7 MB 7.4 MB/s  0:00:01
Downloading et_xmlfile-2.0.0-py3-none-any.whl (18 kB)
Downloading formulaic-1.2.2-py3-none-any.whl (118 kB)
Downloading h11-0.16.0-py3-none-any.whl (37 kB)
Downloading httptools-0.8.0-cp314-cp314-win_amd64.whl (92 kB)
Downloading idna-3.20-py3-none-any.whl (69 kB)
Downloading iniconfig-2.3.0-py3-none-any.whl (7.5 kB)
Downloading interface_meta-2.0.1-py3-none-any.whl (15 kB)
Downloading itsdangerous-2.2.0-py3-none-any.whl (16 kB)
Downloading jinja2-3.1.6-py3-none-any.whl (134 kB)
Downloading jsonschema-4.26.0-py3-none-any.whl (90 kB)
Downloading jsonschema_specifications-2025.9.1-py3-none-any.whl (18 kB)
Downloading markupsafe-3.0.3-cp314-cp314-win_amd64.whl (15 kB)
Downloading narwhals-2.26.0-py3-none-any.whl (474 kB)
Downloading numpy-2.5.3-cp314-cp314-win_amd64.whl (12.7 MB)
   ---------------------------------------- 12.7/12.7 MB 3.7 MB/s  0:00:03
Downloading openpyxl-3.1.5-py2.py3-none-any.whl (250 kB)
Downloading packaging-26.3-py3-none-any.whl (129 kB)
Downloading pandas-3.0.6-cp314-cp314-win_amd64.whl (9.8 MB)
   ---------------------------------------- 9.8/9.8 MB 3.5 MB/s  0:00:02
Downloading patsy-1.0.3-py2.py3-none-any.whl (233 kB)
Downloading pillow-12.3.0-cp314-cp314-win_amd64.whl (7.2 MB)
   ---------------------------------------- 7.2/7.2 MB 9.2 MB/s  0:00:00
Downloading plotly-7.1.0-py3-none-any.whl (9.7 MB)
   ---------------------------------------- 9.7/9.7 MB 4.9 MB/s  0:00:02
Downloading pluggy-1.6.0-py3-none-any.whl (20 kB)
Downloading protobuf-7.36.2-cp310-abi3-win_amd64.whl (456 kB)
Downloading pyarrow-25.0.1-cp314-cp314-win_amd64.whl (28.6 MB)
   ---------------------------------------- 28.6/28.6 MB 7.2 MB/s  0:00:03
Downloading pydeck-0.9.3-py2.py3-none-any.whl (11.4 MB)
   ---------------------------------------- 11.4/11.4 MB 7.9 MB/s  0:00:01
Downloading pygments-2.21.0-py3-none-any.whl (1.3 MB)
   ---------------------------------------- 1.3/1.3 MB 1.3 MB/s  0:00:00
Downloading pytest-9.1.1-py3-none-any.whl (386 kB)
Downloading python_dateutil-2.9.0.post0-py2.py3-none-any.whl (229 kB)
Downloading python_multipart-0.0.32-py3-none-any.whl (30 kB)
Downloading referencing-0.37.0-py3-none-any.whl (26 kB)
Downloading requests-2.34.2-py3-none-any.whl (73 kB)
Downloading urllib3-2.8.0-py3-none-any.whl (135 kB)
Downloading rpds_py-2026.6.3-cp314-cp314-win_amd64.whl (220 kB)
Downloading scipy-1.18.1-cp314-cp314-win_amd64.whl (37.4 MB)
   ---------------------------------------- 37.4/37.4 MB 6.0 MB/s  0:00:06
Downloading six-1.17.0-py2.py3-none-any.whl (11 kB)
Downloading starlette-1.7.0-py3-none-any.whl (78 kB)
Downloading statsmodels-0.15.0-cp314-cp314-win_amd64.whl (11.3 MB)
   ---------------------------------------- 11.3/11.3 MB 3.2 MB/s  0:00:03
Downloading streamlit-1.64.0-py3-none-any.whl (10.1 MB)
   ---------------------------------------- 10.1/10.1 MB 5.3 MB/s  0:00:01
Downloading toml-0.10.2-py2.py3-none-any.whl (16 kB)
Downloading typing_extensions-4.16.0-py3-none-any.whl (45 kB)
Downloading uvicorn-0.54.0-py3-none-any.whl (87 kB)
Downloading watchdog-6.0.0-py3-none-win_amd64.whl (79 kB)
Downloading websockets-16.1.1-cp314-cp314-win_amd64.whl (179 kB)
Downloading tzdata-2026.4-py2.py3-none-any.whl (347 kB)
Downloading wrapt-2.5.0-cp314-cp314-win_amd64.whl (105 kB)
Installing collected packages: wrapt, websockets, watchdog, urllib3, tzdata, typing_extensions, toml, six, rpds-py, python-multipart, Pygments, pyarrow, protobuf, pluggy, pillow, packaging, numpy, narwhals, MarkupSafe, itsdangerous, interface_meta, iniconfig, idna, httptools, h11, et_xmlfile, duckdb, colorama, click, charset-normalizer, certifi, attrs, uvicorn, scipy, requests, referencing, python-dateutil, pytest, plotly, patsy, openpyxl, Jinja2, anyio, starlette, pydeck, pandas, jsonschema-specifications, jsonschema, formulaic, statsmodels, altair, streamlit

Successfully installed Jinja2-3.1.6 MarkupSafe-3.0.3 Pygments-2.21.0 altair-6.3.0 anyio-4.15.1 attrs-26.1.0 certifi-2026.7.22 charset-normalizer-3.5.2 click-8.5.0 colorama-0.4.6 duckdb-1.5.6 et_xmlfile-2.0.0 formulaic-1.2.2 h11-0.16.0 httptools-0.8.0 idna-3.20 iniconfig-2.3.0 interface_meta-2.0.1 itsdangerous-2.2.0 jsonschema-4.26.0 jsonschema-specifications-2025.9.1 narwhals-2.26.0 numpy-2.5.3 openpyxl-3.1.5 packaging-26.3 pandas-3.0.6 patsy-1.0.3 pillow-12.3.0 plotly-7.1.0 pluggy-1.6.0 protobuf-7.36.2 pyarrow-25.0.1 pydeck-0.9.3 pytest-9.1.1 python-dateutil-2.9.0.post0 python-multipart-0.0.32 referencing-0.37.0 requests-2.34.2 rpds-py-2026.6.3 scipy-1.18.1 six-1.17.0 starlette-1.7.0 statsmodels-0.15.0 streamlit-1.64.0 toml-0.10.2 typing_extensions-4.16.0 tzdata-2026.4 urllib3-2.8.0 uvicorn-0.54.0 watchdog-6.0.0 websockets-16.1.1 wrapt-2.5.0
WARNING: There was an error checking the latest version of pip.
